{"file":"/Users/james/mlb-f5-kalshi-project/web-app/data/kalshi-forward/capture-1789571169736-4a4aba03-d037-4bde-a79b-7c1060284428.json","recorded":0,"boardRows":0,"rejected":[]}
{"file":"/Users/james/mlb-f5-kalshi-project/web-app/data/kalshi-forward/capture-1789572005456-1ec6f330-6aac-439e-b2b0-a71dffd72541.json","recorded":0,"boardRows":0,"rejected":[]}
{"file":"/Users/james/mlb-f5-kalshi-project/web-app/data/kalshi-forward/capture-1789584021229-f1858dd7-bc09-40c8-893b-149d98766f86.json","recorded":1,"boardRows":1,"rejected":[]}
{"file":"/Users/james/mlb-f5-kalshi-project/web-app/data/kalshi-forward/capture-1789585219897-9b9504d0-4aea-4a32-8b43-fbe8577718bf.json","recorded":0,"boardRows":0,"rejected":[]}
{"file":"/Users/james/mlb-f5-kalshi-project/web-app/data/kalshi-forward/capture-1789586420822-2b5e07df-2f27-447d-b72e-aebf59f3ace8.json","recorded":0,"boardRows":0,"rejected":[]}
{"file":"/Users/james/mlb-f5-kalshi-project/web-app/data/kalshi-forward/capture-1789587605159-20252655-fe4f-4674-a41d-3011989c2347.json","recorded":0,"boardRows":0,"rejected":[]}
{"file":"/Users/james/mlb-f5-kalshi-project/web-app/data/kalshi-forward/capture-1789588807343-84fb7bf7-8cef-46be-8237-8d7d37f431f3.json","recorded":0,"boardRows":0,"rejected":[]}
{"file":"/Users/james/mlb-f5-kalshi-project/web-app/data/kalshi-forward/capture-1789590006095-0e115c03-d628-4825-814d-4170a6bbd875.json","recorded":0,"boardRows":0,"rejected":[]}
{"file":"/Users/james/mlb-f5-kalshi-project/web-app/data/kalshi-forward/capture-1789591205755-3d3501c9-7929-4f25-8b60-895009bf978f.json","recorded":0,"boardRows":0,"rejected":[]}
{"file":"/Users/james/mlb-f5-kalshi-project/web-app/data/kalshi-forward/capture-1789592419683-10ee148f-f2a7-4908-b07b-316cc7efc6a6.json","recorded":0,"boardRows":0,"rejected":[]}
{"file":"/Users/james/mlb-f5-kalshi-project/web-app/data/kalshi-forward/capture-1789593619367-bae8095d-f170-49ae-bba3-58df8381e968.json","recorded":0,"boardRows":0,"rejected":[]}
{"file":"/Users/james/mlb-f5-kalshi-project/web-app/data/kalshi-forward/capture-1789594821988-6836465b-85ba-4232-9bd6-f47dc184d693.json","recorded":0,"boardRows":0,"rejected":[{"eventTicker":"KXMLBF5-26SEP161840MILPIT","reason":"Outcome quote timestamps are not synchronized"},{"eventTicker":"KXMLBF5-26SEP161840LADCIN","reason":"Outcome quote timestamps are not synchronized"},{"eventTicker":"KXMLBF5-26SEP161840ATHTB","reason":"Outcome quote timestamps are not synchronized"}]}
{"file":"/Users/james/mlb-f5-kalshi-project/web-app/data/kalshi-forward/capture-1789618804466-325cde7b-40d4-4d52-81f8-025cf47af820.json","recorded":0,"boardRows":0,"rejected":[]}
{"file":"/Users/james/mlb-f5-kalshi-project/web-app/data/kalshi-forward/capture-1789660811477-e670dca8-4e8d-42db-9775-ea46328f7ac2.json","recorded":2,"boardRows":2,"rejected":[]}
{"file":"/Users/james/mlb-f5-kalshi-project/web-app/data/kalshi-forward/capture-1789663206763-f65acc9b-64ee-4781-b807-6d58344155a0.json","recorded":1,"boardRows":1,"rejected":[]}
{"file":"/Users/james/mlb-f5-kalshi-project/web-app/data/kalshi-forward/capture-1789664406509-cc16b54c-76fd-480a-9ce9-2fb6734f0e3c.json","recorded":0,"boardRows":0,"rejected":[]}
{"file":"/Users/james/mlb-f5-kalshi-project/web-app/data/kalshi-forward/capture-1789665605606-a4b969c7-2097-4724-a516-f828223de840.json","recorded":0,"boardRows":0,"rejected":[]}
{"file":"/Users/james/mlb-f5-kalshi-project/web-app/data/kalshi-forward/capture-1789666914374-a6520a34-b79b-4f97-877c-b7ee30481d61.json","recorded":0,"boardRows":0,"rejected":[]}
{"file":"/Users/james/mlb-f5-kalshi-project/web-app/data/kalshi-forward/capture-1789668009531-f7da66ce-724c-4606-b191-cb639d4b0235.json","recorded":0,"boardRows":0,"rejected":[]}
{"file":"/Users/james/mlb-f5-kalshi-project/web-app/data/kalshi-forward/capture-1789669210875-34ac63c7-e577-41e4-9622-d942571767f3.json","recorded":1,"boardRows":1,"rejected":[]}
{"file":"/Users/james/mlb-f5-kalshi-project/web-app/data/kalshi-forward/capture-1789670407668-f132ac3e-cd78-453b-b5a7-5764e6664e09.json","recorded":0,"boardRows":1,"rejected":[]}
{"file":"/Users/james/mlb-f5-kalshi-project/web-app/data/kalshi-forward/capture-1789671606394-d3a1fee3-505d-4ed9-b41d-629b792d9280.json","recorded":0,"boardRows":0,"rejected":[]}
{"file":"/Users/james/mlb-f5-kalshi-project/web-app/data/kalshi-forward/capture-1789672842533-5e56bff5-7e65-4150-a6e5-dab0609b6ad6.json","recorded":0,"boardRows":0,"rejected":[]}
{"file":"/Users/james/mlb-f5-kalshi-project/web-app/data/kalshi-forward/capture-1789674044568-8752834c-9438-44e9-b59b-81896cc5b603.json","recorded":0,"boardRows":0,"rejected":[]}
{"file":"/Users/james/mlb-f5-kalshi-project/web-app/data/kalshi-forward/capture-1789675219465-dd49b504-2304-4685-9032-0f128ede1b74.json","recorded":0,"boardRows":0,"rejected":[]}
{"file":"/Users/james/mlb-f5-kalshi-project/web-app/data/kalshi-forward/capture-1789676419090-b3a0955c-4036-4a2f-969e-c7c196827785.json","recorded":0,"boardRows":0,"rejected":[]}
{"file":"/Users/james/mlb-f5-kalshi-project/web-app/data/kalshi-forward/capture-1789677606020-6d71ad93-f24b-4d00-8fdf-e20a957f3f63.json","recorded":0,"boardRows":0,"rejected":[]}
{"file":"/Users/james/mlb-f5-kalshi-project/web-app/data/kalshi-forward/capture-1789678819163-3ef7ed3a-9210-45ab-8e1c-63e2fbe47e42.json","recorded":0,"boardRows":0,"rejected":[]}
{"file":"/Users/james/mlb-f5-kalshi-project/web-app/data/kalshi-forward/capture-1789699203324-ed5dc25c-f7b3-4637-9400-fba3c1b7f52d.json","recorded":0,"boardRows":0,"rejected":[]}
{"file":"/Users/james/mlb-f5-kalshi-project/web-app/data/kalshi-forward/capture-1789700405058-e3fb3052-fd90-40c8-920d-f466687e51b9.json","recorded":0,"boardRows":0,"rejected":[]}
{"file":"/Users/james/mlb-f5-kalshi-project/web-app/data/kalshi-forward/capture-1789742421729-181a5bac-7024-4e25-9977-2bd5fa70d277.json","recorded":0,"boardRows":0,"rejected":[]}
{"file":"/Users/james/mlb-f5-kalshi-project/web-app/data/kalshi-forward/capture-1789743606532-d1ea10ab-8b35-4c20-86c5-955eba31d9ae.json","recorded":0,"boardRows":0,"rejected":[]}
{"file":"/Users/james/mlb-f5-kalshi-project/web-app/data/kalshi-forward/capture-1789744810270-57de0cb7-4f21-4f17-a314-2dfbce2fb34a.json","recorded":0,"boardRows":0,"rejected":[]}
{"file":"/Users/james/mlb-f5-kalshi-project/web-app/data/kalshi-forward/capture-1789746019946-7f05f6fc-0e0a-4d84-a256-4568978acc3e.json","recorded":0,"boardRows":0,"rejected":[]}
{"file":"/Users/james/mlb-f5-kalshi-project/web-app/data/kalshi-forward/capture-1789747221059-8be94444-0cba-4660-9280-8bf9b1c4f6b6.json","recorded":0,"boardRows":0,"rejected":[]}
{"file":"/Users/james/mlb-f5-kalshi-project/web-app/data/kalshi-forward/capture-1789748420068-73fb9dfe-6935-49b3-8e84-a3f2b1a72024.json","recorded":0,"boardRows":0,"rejected":[]}
{"file":"/Users/james/mlb-f5-kalshi-project/web-app/data/kalshi-forward/capture-1789752011579-ebe66d8f-2f3b-41b4-8d3f-53cbbce858d9.json","recorded":0,"boardRows":0,"rejected":[]}
{"file":"/Users/james/mlb-f5-kalshi-project/web-app/data/kalshi-forward/capture-1789785609157-3743943f-8387-4362-a7cf-13ac02c64d33.json","recorded":0,"boardRows":0,"rejected":[]}
{"file":"/Users/james/mlb-f5-kalshi-project/web-app/data/kalshi-forward/capture-1789801204271-6bbdaa56-0cb0-4140-86d3-14973bd74649.json","recorded":0,"boardRows":0,"rejected":[]}
{"file":"/Users/james/mlb-f5-kalshi-project/web-app/data/kalshi-forward/capture-1789802405810-a960cbb4-dd10-4450-ac45-323246fee298.json","recorded":0,"boardRows":0,"rejected":[]}
{"file":"/Users/james/mlb-f5-kalshi-project/web-app/data/kalshi-forward/capture-1789803606184-b1785ecc-dbec-4c88-a5a2-91a1bd78eeaf.json","recorded":0,"boardRows":0,"rejected":[]}
{"file":"/Users/james/mlb-f5-kalshi-project/web-app/data/kalshi-forward/capture-1789804805580-48b5b509-1e58-4547-a7ba-52d663733fdf.json","recorded":0,"boardRows":0,"rejected":[]}
{"at":"2026-09-20T03:00:06.609Z","file":"/Users/james/mlb-f5-kalshi-project/web-app/data/kalshi-forward/capture-1789873206603-6ab62cc6-aacd-4537-8858-7d6c3f52a554.json","recorded":0,"boardRows":0,"rejected":[]}
{"at":"2026-09-20T06:40:05.207Z","file":"/Users/james/mlb-f5-kalshi-project/web-app/data/kalshi-forward/capture-1789886405206-7dcd1191-0e0a-462a-bd06-2e1d6e8925f3.json","recorded":0,"boardRows":0,"rejected":[]}
{"at":"2026-09-20T07:00:08.610Z","file":"/Users/james/mlb-f5-kalshi-project/web-app/data/kalshi-forward/capture-1789887608609-35110291-05e3-4c30-a330-ebe3bfa1a763.json","recorded":0,"boardRows":0,"rejected":[]}
{"at":"2026-09-20T07:20:05.760Z","file":"/Users/james/mlb-f5-kalshi-project/web-app/data/kalshi-forward/capture-1789888805759-418184ea-3688-43dc-a5d4-6b93ac6eb066.json","recorded":0,"boardRows":0,"rejected":[]}
{"at":"2026-09-20T21:40:05.454Z","file":"/Users/james/mlb-f5-kalshi-project/web-app/data/kalshi-forward/capture-1789940405453-b2fddc25-3c2b-4a38-b95f-b7724c91348e.json","recorded":0,"boardRows":0,"rejected":[]}
{"at":"2026-09-20T22:00:07.989Z","file":"/Users/james/mlb-f5-kalshi-project/web-app/data/kalshi-forward/capture-1789941607988-3763d852-7a3e-4c2e-9385-3b59de5419eb.json","recorded":0,"boardRows":0,"rejected":[]}
{"at":"2026-09-20T22:20:07.001Z","file":"/Users/james/mlb-f5-kalshi-project/web-app/data/kalshi-forward/capture-1789942807000-8261c490-b7b1-40ea-85fd-827fab73991a.json","recorded":0,"boardRows":0,"rejected":[{"eventTicker":"KXMLBF5-26SEP201920MILBAL","reason":"Outcome quote timestamps are not synchronized"}]}
{"at":"2026-09-21T04:00:03.744Z","file":"/Users/james/mlb-f5-kalshi-project/web-app/data/kalshi-forward/capture-1789963203743-eadd2813-fa8d-4853-afe4-83ad0776ba8d.json","recorded":0,"boardRows":0,"rejected":[]}
{"at":"2026-09-21T05:00:02.950Z","file":"/Users/james/mlb-f5-kalshi-project/web-app/data/kalshi-forward/capture-1789966802949-e9a86927-1d74-4f79-8626-f479abda9a8a.json","recorded":0,"boardRows":0,"rejected":[]}
{"at":"2026-09-21T05:20:06.958Z","file":"/Users/james/mlb-f5-kalshi-project/web-app/data/kalshi-forward/capture-1789968006939-7c02338b-b913-4e11-8e75-590c9582408f.json","recorded":0,"boardRows":0,"rejected":[]}
{"at":"2026-09-21T07:40:05.721Z","file":"/Users/james/mlb-f5-kalshi-project/web-app/data/kalshi-forward/capture-1789976405714-e874a552-39cd-4d26-8d53-db4ededfbf88.json","recorded":0,"boardRows":0,"rejected":[]}
{"at":"2026-09-21T08:00:05.585Z","file":"/Users/james/mlb-f5-kalshi-project/web-app/data/kalshi-forward/capture-1789977605584-084393b8-8e52-4b7b-9297-b1b956b5541b.json","recorded":0,"boardRows":0,"rejected":[]}
{"at":"2026-09-21T08:20:04.977Z","file":"/Users/james/mlb-f5-kalshi-project/web-app/data/kalshi-forward/capture-1789978804976-acfffdb0-539c-42b2-be81-4418dc782c0f.json","recorded":0,"boardRows":0,"rejected":[]}
{"at":"2026-09-21T15:40:23.212Z","file":"/Users/james/mlb-f5-kalshi-project/web-app/data/kalshi-forward/capture-1790005223205-0a219008-00b9-43f4-a2c6-4a0511c72875.json","recorded":0,"boardRows":0,"rejected":[]}
{"at":"2026-09-21T16:00:10.525Z","file":"/Users/james/mlb-f5-kalshi-project/web-app/data/kalshi-forward/capture-1790006410524-59aeed4d-e61f-4594-b59e-b2787fbc8ae2.json","recorded":0,"boardRows":0,"rejected":[]}
{"at":"2026-09-21T16:20:22.216Z","file":"/Users/james/mlb-f5-kalshi-project/web-app/data/kalshi-forward/capture-1790007622212-291c50ab-69e4-4c61-b5b3-05027c52251a.json","recorded":0,"boardRows":0,"rejected":[]}
{"at":"2026-09-21T16:40:21.412Z","file":"/Users/james/mlb-f5-kalshi-project/web-app/data/kalshi-forward/capture-1790008821404-9e74c98b-8bba-4776-a28b-72aa0424a42d.json","recorded":0,"boardRows":0,"rejected":[]}
{"at":"2026-09-21T17:00:09.558Z","file":"/Users/james/mlb-f5-kalshi-project/web-app/data/kalshi-forward/capture-1790010009556-d315bc22-ff61-416b-989b-255a844180a4.json","recorded":0,"boardRows":0,"rejected":[]}
{"at":"2026-09-21T17:20:21.906Z","file":"/Users/james/mlb-f5-kalshi-project/web-app/data/kalshi-forward/capture-1790011221871-e6360693-6f5c-468c-9d4a-11fc443eaeef.json","recorded":0,"boardRows":0,"rejected":[]}
{"at":"2026-09-21T18:00:22.061Z","file":"/Users/james/mlb-f5-kalshi-project/web-app/data/kalshi-forward/capture-1790013622060-e2d127f8-37f0-457e-968a-be3240c14af7.json","recorded":0,"boardRows":0,"rejected":[]}
{"at":"2026-09-21T18:20:08.697Z","file":"/Users/james/mlb-f5-kalshi-project/web-app/data/kalshi-forward/capture-1790014808687-5b017f58-bae6-4187-9f9e-dedc55252877.json","recorded":0,"boardRows":0,"rejected":[]}
{"at":"2026-09-22T15:40:08.399Z","file":"/Users/james/mlb-f5-kalshi-project/web-app/data/kalshi-forward/capture-1790091608398-51b7d43b-b6af-4b57-9610-bf88002b4f76.json","recorded":0,"boardRows":0,"rejected":[]}
{"at":"2026-09-22T16:00:09.921Z","file":"/Users/james/mlb-f5-kalshi-project/web-app/data/kalshi-forward/capture-1790092809920-1131d82f-f093-4e39-9fbd-c654afd15d8a.json","recorded":0,"boardRows":0,"rejected":[]}
{"at":"2026-09-22T16:20:07.058Z","file":"/Users/james/mlb-f5-kalshi-project/web-app/data/kalshi-forward/capture-1790094007057-83dd392b-c07b-40f7-8a60-1042861f7d18.json","recorded":0,"boardRows":0,"rejected":[]}
{"at":"2026-09-22T16:40:20.199Z","file":"/Users/james/mlb-f5-kalshi-project/web-app/data/kalshi-forward/capture-1790095220179-373e180a-db25-415f-b693-48f76c12eb25.json","recorded":0,"boardRows":0,"rejected":[]}
{"at":"2026-09-22T17:00:29.656Z","file":"/Users/james/mlb-f5-kalshi-project/web-app/data/kalshi-forward/capture-1790096429654-ce507ac3-33b4-4f00-9b87-6dd97d7626f4.json","recorded":0,"boardRows":0,"rejected":[]}
{"at":"2026-09-22T17:20:12.681Z","file":"/Users/james/mlb-f5-kalshi-project/web-app/data/kalshi-forward/capture-1790097612677-907506de-db58-419f-9565-7544229407ce.json","recorded":0,"boardRows":0,"rejected":[]}
{"at":"2026-09-22T17:40:19.145Z","file":"/Users/james/mlb-f5-kalshi-project/web-app/data/kalshi-forward/capture-1790098819144-c134d101-3e00-4abf-a0b1-5bafd5686374.json","recorded":0,"boardRows":0,"rejected":[]}
{"at":"2026-09-22T18:00:07.128Z","file":"/Users/james/mlb-f5-kalshi-project/web-app/data/kalshi-forward/capture-1790100007127-a8ac5f11-d09a-4e79-9d31-af60bb73b889.json","recorded":0,"boardRows":0,"rejected":[]}
{"at":"2026-09-22T18:20:20.113Z","file":"/Users/james/mlb-f5-kalshi-project/web-app/data/kalshi-forward/capture-1790101220112-74668523-33d1-4c54-8e20-8091524f70a9.json","recorded":0,"boardRows":0,"rejected":[]}
{"at":"2026-09-22T18:40:20.658Z","file":"/Users/james/mlb-f5-kalshi-project/web-app/data/kalshi-forward/capture-1790102420657-f646713e-c00a-4294-80aa-324152770623.json","recorded":0,"boardRows":0,"rejected":[]}
{"at":"2026-09-22T19:00:07.031Z","file":"/Users/james/mlb-f5-kalshi-project/web-app/data/kalshi-forward/capture-1790103607030-bcd7c75f-8917-41a3-9e63-970d7912afe5.json","recorded":0,"boardRows":0,"rejected":[]}
{"at":"2026-09-22T19:20:07.314Z","file":"/Users/james/mlb-f5-kalshi-project/web-app/data/kalshi-forward/capture-1790104807305-f2fa5653-b559-489c-904a-e7c7defb9e25.json","recorded":0,"boardRows":0,"rejected":[]}
{"at":"2026-09-22T19:40:19.686Z","file":"/Users/james/mlb-f5-kalshi-project/web-app/data/kalshi-forward/capture-1790106019678-1ead5d1d-4a2f-497e-a68d-994036342068.json","recorded":0,"boardRows":0,"rejected":[]}
{"at":"2026-09-22T20:00:46.757Z","file":"/Users/james/mlb-f5-kalshi-project/web-app/data/kalshi-forward/capture-1790107246756-c22c6095-c282-4cd0-a919-b621c7be74c6.json","recorded":0,"boardRows":0,"rejected":[]}
{"at":"2026-09-22T20:20:40.650Z","file":"/Users/james/mlb-f5-kalshi-project/web-app/data/kalshi-forward/capture-1790108440632-f969bc50-f62d-4fda-a989-77d8a5977643.json","recorded":0,"boardRows":0,"rejected":[]}
{"at":"2026-09-22T20:40:08.931Z","file":"/Users/james/mlb-f5-kalshi-project/web-app/data/kalshi-forward/capture-1790109608911-b4f94d5d-0fac-445a-ab8c-f9bd04faaab8.json","recorded":0,"boardRows":0,"rejected":[]}
{"at":"2026-09-22T21:00:48.085Z","file":"/Users/james/mlb-f5-kalshi-project/web-app/data/kalshi-forward/capture-1790110848084-f18facde-1413-40bc-9f74-1fc9903cf45a.json","recorded":0,"boardRows":0,"rejected":[]}
{"at":"2026-09-22T21:20:37.645Z","file":"/Users/james/mlb-f5-kalshi-project/web-app/data/kalshi-forward/capture-1790112037644-c4a53238-3b4a-4b8e-9830-b6e2fe4a4b1f.json","recorded":0,"boardRows":0,"rejected":[]}
{"at":"2026-09-22T23:40:08.381Z","file":"/Users/james/mlb-f5-kalshi-project/web-app/data/kalshi-forward/capture-1790120408380-e52a3c71-ef72-42fc-9363-35912ebf0934.json","recorded":1,"boardRows":1,"rejected":[{"eventTicker":"KXMLBF5-26SEP222040AZCOL","reason":"Latest candle is stale; Latest candle is stale"}]}
{"at":"2026-09-23T04:00:05.605Z","file":"/Users/james/mlb-f5-kalshi-project/web-app/data/kalshi-forward/capture-1790136005604-b9b37a63-cb73-456e-b82d-6ce7b6299ac7.json","recorded":0,"boardRows":0,"rejected":[]}
